cargo : warning: profile package spec `arrow-data` in profile `dev` did not match any packages
At line:1 char:1
+ cargo test --workspace > test_output.txt 2>&1
+ ~~~~~~~~~~~~~~~~~~~~~~~~~~~~~~~~~~~~~~~~~~~~~
    + CategoryInfo          : NotSpecified: (warning: profil...ch any packages:String) [], RemoteException
    + FullyQualifiedErrorId : NativeCommandError
 
warning: profile package spec `gix` in profile `dev` did not match any packages

help: a package with a similar name exists: `gif`
warning: profile package spec `gix-actor` in profile `dev` did not match any packages
warning: profile package spec `gix-config` in profile `dev` did not match any packages

help: a package with a similar name exists: `pkg-config`
warning: profile package spec `gix-diff` in profile `dev` did not match any packages
warning: profile package spec `gix-hash` in profile `dev` did not match any packages

help: a package with a similar name exists: `fxhash`
warning: profile package spec `gix-object` in profile `dev` did not match any packages
warning: profile package spec `gix-pack` in profile `dev` did not match any packages
warning: profile package spec `gix-ref` in profile `dev` did not match any packages
warning: profile package spec `gix-worktree` in profile `dev` did not match any packages
warning: profile package spec `sha1-checked` in profile `dev` did not match any packages
warning: unused import: `bail`
 --> crates\ext-calc\src\checks\pier_axial.rs:3:22
  |
3 | use anyhow::{Result, bail};
  |                      ^^^^
  |
  = note: `#[warn(unused_imports)]` (part of `#[warn(unused)]`) on by default

warning: unused import: `bail`
 --> crates\ext-calc\src\checks\torsional.rs:1:22
  |
1 | use anyhow::{Result, bail};
  |                      ^^^^

warning: unused import: `CodeParams`
 --> crates\ext-calc\src\checks\torsional.rs:4:26
  |
4 | use crate::code_params::{CodeParams, TorsionalParams, TorsionalJointPair};
  |                          ^^^^^^^^^^

warning: unused variable: `story_idx`
   --> crates\ext-calc\src\checks\displacement_wind.rs:140:9
    |
140 |     let story_idx = order.get(&governing_row.story).copied().unwrap_or(0);
    |         ^^^^^^^^^ help: if this is intentional, prefix it with an underscore: `_story_idx`
    |
    = note: `#[warn(unused_variables)]` (part of `#[warn(unused)]`) on by default

warning: `ext-calc` (lib) generated 4 warnings (run `cargo fix --lib -p ext-calc` to apply 4 suggestions)
   Compiling ext v0.1.0 (D:\Work\EtabExtension\crates\ext)
   Compiling ext-tauri v0.0.1 (D:\Work\EtabExtension\crates\ext-tauri)
   Compiling ext-api v0.1.0 (D:\Work\EtabExtension\crates\ext-api)
error[E0463]: can't find crate for `ext_api`
 --> crates\ext\tests\foundation_cli.rs:2:5
  |
2 | use ext_api::AppContext;
  |     ^^^^^^^ can't find crate

error[E0463]: can't find crate for `ext_api`
 --> crates\ext-api\tests\foundation.rs:5:5
  |
5 | use ext_api::AppContext;
  |     ^^^^^^^ can't find crate

error[E0463]: can't find crate for `ext_api`
 --> crates\ext\tests\config_cli.rs:1:5
  |
1 | use ext_api::init::{InitRequest, init_project};
  |     ^^^^^^^ can't find crate

error[E0463]: can't find crate for `ext_api`
 --> crates\ext\tests\etabs_cli.rs:5:5
  |
5 | use ext_api::init::{InitRequest, init_project};
  |     ^^^^^^^ can't find crate

error[E0282]: type annotations needed
  --> crates\ext\tests\config_cli.rs:23:5
   |
23 | /     init_project(InitRequest {
24 | |         name: "Fixture".to_string(),
25 | |         edb_path: edb,
26 | |         project_path: project_root.clone(),
...  |
32 | |     })
33 | |     .await
   | |__________^ cannot infer type

For more information about this error, try `rustc --explain E0463`.
error[E0463]: can't find crate for `ext_api`
 --> crates\ext\src\commands\mod.rs:5:5
  |
5 | use ext_api::AppContext;
  |     ^^^^^^^ can't find crate

error[E0463]: can't find crate for `ext_api`
 --> crates\ext-api\tests\etabs_api.rs:5:5
  |
5 | use ext_api::AppContext;
  |     ^^^^^^^ can't find crate

error[E0282]: type annotations needed
  --> crates\ext-api\tests\foundation.rs:26:5
   |
26 | /     init_project(InitRequest {
27 | |         name: "Fixture".to_string(),
28 | |         edb_path: edb.clone(),
29 | |         project_path: project_root.clone(),
...  |
35 | |     })
36 | |     .await
   | |__________^ cannot infer type

Some errors have detailed explanations: E0282, E0463.
For more information about an error, try `rustc --explain E0282`.
error[E0282]: type annotations needed
  --> crates\ext\tests\etabs_cli.rs:45:5
   |
45 | /     init_project(InitRequest {
46 | |         name: "Fixture".to_string(),
47 | |         edb_path: edb,
48 | |         project_path: project_root.clone(),
...  |
54 | |     })
55 | |     .await
   | |__________^ cannot infer type

error: could not compile `ext` (test "foundation_cli") due to 1 previous error
warning: build failed, waiting for other jobs to finish...
error[E0282]: type annotations needed
  --> crates\ext-api\tests\foundation.rs:68:15
   |
68 |       let err = init_project(InitRequest {
   |  _______________^
69 | |         name: "Invalid".to_string(),
70 | |         edb_path: missing,
71 | |         project_path: project_root,
...  |
77 | |     })
78 | |     .await
   | |__________^ cannot infer type

error[E0463]: can't find crate for `ext_api`
 --> crates\ext-api\tests\analyze_version.rs:5:5
  |
5 | use ext_api::AppContext;
  |     ^^^^^^^ can't find crate

error[E0282]: type annotations needed
  --> crates\ext-api\tests\foundation.rs:89:15
   |
89 |       let err = init_project(InitRequest {
   |  _______________^
90 | |         name: "Duplicate".to_string(),
91 | |         edb_path: edb,
92 | |         project_path: project_root,
...  |
98 | |     })
99 | |     .await
   | |__________^ cannot infer type

error[E0282]: type annotations needed
   --> crates\ext-api\tests\foundation.rs:111:18
    |
111 |       let report = project_status(&ctx, StatusOptions { verbose: false })
    |  __________________^
112 | |         .await
    | |______________^ cannot infer type

error[E0463]: can't find crate for `ext_api`
 --> crates\ext\tests\vcs_cli.rs:4:5
  |
4 | use ext_api::init::{InitRequest, init_project};
  |     ^^^^^^^ can't find crate

error[E0282]: type annotations needed
   --> crates\ext-api\tests\foundation.rs:122:17
    |
122 |       let clean = project_status(&ctx, StatusOptions { verbose: false })
    |  _________________^
123 | |         .await
    | |______________^ cannot infer type

error[E0282]: type annotations needed
   --> crates\ext-api\tests\foundation.rs:132:20
    |
132 |       let modified = project_status(&ctx, StatusOptions { verbose: false })
    |  ____________________^
133 | |         .await
    | |______________^ cannot infer type

error[E0282]: type annotations needed
   --> crates\ext-api\tests\foundation.rs:138:19
    |
138 |       let missing = project_status(&ctx, StatusOptions { verbose: false })
    |  ___________________^
139 | |         .await
    | |______________^ cannot infer type

error: could not compile `ext` (test "config_cli") due to 2 previous errors
error[E0282]: type annotations needed
   --> crates\ext-api\tests\foundation.rs:150:18
    |
150 |       let report = project_status(&ctx, StatusOptions { verbose: true })
    |  __________________^
151 | |         .await
    | |______________^ cannot infer type

error[E0282]: type annotations needed
   --> crates\ext-api\tests\foundation.rs:184:18
    |
184 |       let report = project_status(&ctx, StatusOptions { verbose: true })
    |  __________________^
185 | |         .await
    | |______________^ cannot infer type

error[E0282]: type annotations needed
  --> crates\ext-api\tests\etabs_api.rs:25:5
   |
25 | /     init_project(InitRequest {
26 | |         name: "Fixture".to_string(),
27 | |         edb_path: edb,
28 | |         project_path: project_root.clone(),
...  |
34 | |     })
35 | |     .await
   | |__________^ cannot infer type

error[E0282]: type annotations needed
  --> crates\ext-api\tests\etabs_api.rs:65:18
   |
65 |     let result = etabs_open(&ctx, None).await.unwrap();
   |                  ^^^^^^^^^^^^^^^^^^^^^^^^^^^^ cannot infer type

error[E0282]: type annotations needed
  --> crates\ext-api\tests\etabs_api.rs:87:5
   |
87 | /     commit::commit_version(
88 | |         &ctx,
89 | |         "Initial",
90 | |         CommitOptions {
...  |
95 | |     .await
   | |__________^ cannot infer type

error[E0282]: type annotations needed
  --> crates\ext-api\tests\etabs_api.rs:98:18
   |
98 |     let result = etabs_open(&ctx, Some("v1")).await.unwrap();
   |                  ^^^^^^^^^^^^^^^^^^^^^^^^^^^^^^^^^^ cannot infer type

error[E0282]: type annotations needed
   --> crates\ext-api\tests\etabs_api.rs:135:15
    |
135 |     let err = etabs_open(&ctx, None).await.unwrap_err();
    |               ^^^^^^^^^^^^^^^^^^^^^^^^^^^^ cannot infer type

error: could not compile `ext-api` (test "foundation") due to 10 previous errors
error[E0282]: type annotations needed
   --> crates\ext-api\tests\etabs_api.rs:158:15
    |
158 |     let err = etabs_open(&ctx, None).await.unwrap_err();
    |               ^^^^^^^^^^^^^^^^^^^^^^^^^^^^ cannot infer type

error[E0282]: type annotations needed
   --> crates\ext-api\tests\etabs_api.rs:204:15
    |
204 |     let err = etabs_close(&ctx, CloseMode::Interactive).await.unwrap_err();
    |               ^^^^^^^^^^^^^^^^^^^^^^^^^^^^^^^^^^^^^^^^^^^^^^^ cannot infer type

error[E0282]: type annotations needed
  --> crates\ext-api\tests\analyze_version.rs:25:5
   |
25 | /     init_project(InitRequest {
26 | |         name: "Fixture".to_string(),
27 | |         edb_path: edb,
28 | |         project_path: project_root.clone(),
...  |
34 | |     })
35 | |     .await
   | |__________^ cannot infer type

error[E0282]: type annotations needed
   --> crates\ext-api\tests\etabs_api.rs:238:18
    |
238 |     let result = etabs_close(&ctx, CloseMode::Save).await.unwrap();
    |                  ^^^^^^^^^^^^^^^^^^^^^^^^^^^^^^^^^^^^^^^^ cannot infer type

error[E0282]: type annotations needed
   --> crates\ext-api\tests\etabs_api.rs:256:5
    |
256 | /     commit::commit_version(
257 | |         &ctx,
258 | |         "Initial",
259 | |         CommitOptions {
...   |
264 | |     .await
    | |__________^ cannot infer type

error[E0282]: type annotations needed
   --> crates\ext-api\tests\etabs_api.rs:283:18
    |
283 |     let result = etabs_status(&ctx).await.unwrap();
    |                  ^^^^^^^^^^^^^^^^^^^^^^^^ cannot infer type

error[E0282]: type annotations needed
  --> crates\ext\tests\vcs_cli.rs:26:5
   |
26 | /     init_project(InitRequest {
27 | |         name: "Fixture".to_string(),
28 | |         edb_path: edb,
29 | |         project_path: project_root.clone(),
...  |
35 | |     })
36 | |     .await
   | |__________^ cannot infer type

error[E0282]: type annotations needed
   --> crates\ext-api\tests\etabs_api.rs:325:18
    |
325 |     let result = etabs_unlock(&ctx).await.unwrap();
    |                  ^^^^^^^^^^^^^^^^^^^^^^^^ cannot infer type

error[E0282]: type annotations needed
   --> crates\ext-api\tests\etabs_api.rs:347:18
    |
347 |       let result = etabs_recover(&ctx, Some(RecoveryChoice::KeepChanges))
    |  __________________^
348 | |         .await
    | |______________^ cannot infer type

error[E0282]: type annotations needed
   --> crates\ext-api\tests\etabs_api.rs:379:15
    |
379 |     let err = etabs_recover(&ctx, None).await.unwrap_err();
    |               ^^^^^^^^^^^^^^^^^^^^^^^^^^^^^^^ cannot infer type

error[E0282]: type annotations needed
   --> crates\ext-api\tests\etabs_api.rs:407:15
    |
407 |     let err = etabs_recover(&ctx, None).await.unwrap_err();
    |               ^^^^^^^^^^^^^^^^^^^^^^^^^^^^^^^ cannot infer type

error[E0282]: type annotations needed
  --> crates\ext-api\tests\analyze_version.rs:63:5
   |
63 | /     commit::commit_version(
64 | |         &ctx,
65 | |         "Initial",
66 | |         CommitOptions {
...  |
71 | |     .await
   | |__________^ cannot infer type

error[E0282]: type annotations needed
  --> crates\ext-api\tests\analyze_version.rs:80:15
   |
80 |       let err = analyze_version(&ctx, "v1", AnalyzeOptions::default())
   |  _______________^
81 | |         .await
   | |______________^ cannot infer type

error[E0282]: type annotations needed
   --> crates\ext-api\tests\etabs_api.rs:420:5
    |
420 | /     commit::commit_version(
421 | |         &ctx,
422 | |         "Initial",
423 | |         CommitOptions {
...   |
428 | |     .await
    | |__________^ cannot infer type

error[E0282]: type annotations needed
   --> crates\ext-api\tests\etabs_api.rs:440:18
    |
440 |       let result = etabs_recover(&ctx, Some(RecoveryChoice::RestoreFromVersion))
    |  __________________^
441 | |         .await
    | |______________^ cannot infer type

error[E0282]: type annotations needed
   --> crates\ext-api\tests\analyze_version.rs:94:5
    |
 94 | /     commit::commit_version(
 95 | |         &ctx,
 96 | |         "Initial",
 97 | |         CommitOptions {
...   |
102 | |     .await
    | |__________^ cannot infer type

error[E0282]: type annotations needed
   --> crates\ext-api\tests\analyze_version.rs:111:18
    |
111 |       let result = analyze_version(&ctx, "v1", AnalyzeOptions::default())
    |  __________________^
112 | |         .await
    | |______________^ cannot infer type

error[E0282]: type annotations needed
   --> crates\ext-api\tests\analyze_version.rs:135:5
    |
135 | /     commit::commit_version(
136 | |         &ctx,
137 | |         "Initial analyzed",
138 | |         CommitOptions {
...   |
143 | |     .await
    | |__________^ cannot infer type

error[E0282]: type annotations needed
   --> crates\ext-api\tests\analyze_version.rs:147:18
    |
147 |       let result = analyze_version(&ctx, "v1", AnalyzeOptions::default())
    |  __________________^
148 | |         .await
    | |______________^ cannot infer type

error[E0282]: type annotations needed
   --> crates\ext-api\tests\analyze_version.rs:172:5
    |
172 | /     commit::commit_version(
173 | |         &ctx,
174 | |         "Initial",
175 | |         CommitOptions {
...   |
180 | |     .await
    | |__________^ cannot infer type

error[E0282]: type annotations needed
   --> crates\ext-api\tests\analyze_version.rs:183:18
    |
183 |       let result = analyze_version(
    |  __________________^
184 | |         &ctx,
185 | |         "v1",
186 | |         AnalyzeOptions {
...   |
191 | |     .await
    | |__________^ cannot infer type

error[E0282]: type annotations needed
   --> crates\ext-api\tests\analyze_version.rs:229:5
    |
229 | /     commit::commit_version(
230 | |         &ctx,
231 | |         "Initial",
232 | |         CommitOptions {
...   |
237 | |     .await
    | |__________^ cannot infer type

error[E0282]: type annotations needed
   --> crates\ext-api\tests\analyze_version.rs:240:5
    |
240 | /     analyze_version(&ctx, "v1", AnalyzeOptions::default())
241 | |         .await
    | |______________^ cannot infer type

error[E0282]: type annotations needed
   --> crates\ext-api\tests\analyze_version.rs:266:5
    |
266 | /     commit::commit_version(
267 | |         &ctx,
268 | |         "Initial",
269 | |         CommitOptions {
...   |
274 | |     .await
    | |__________^ cannot infer type

error[E0282]: type annotations needed
   --> crates\ext-api\tests\analyze_version.rs:277:5
    |
277 | /     analyze_version(&ctx, "v1", AnalyzeOptions::default())
278 | |         .await
    | |______________^ cannot infer type

error[E0282]: type annotations needed
   --> crates\ext-api\tests\analyze_version.rs:309:5
    |
309 | /     commit::commit_version(
310 | |         &ctx,
311 | |         "Initial",
312 | |         CommitOptions {
...   |
317 | |     .await
    | |__________^ cannot infer type

error[E0282]: type annotations needed
   --> crates\ext-api\tests\analyze_version.rs:320:15
    |
320 |       let err = analyze_version(&ctx, "v1", AnalyzeOptions::default())
    |  _______________^
321 | |         .await
    | |______________^ cannot infer type

error[E0282]: type annotations needed
   --> crates\ext-api\tests\analyze_version.rs:334:18
    |
334 |       let result = analyze_file(Some(&project_root), &model, Some("US_Kip_Ft"), None)
    |  __________________^
335 | |         .await
    | |______________^ cannot infer type

error: could not compile `ext` (test "etabs_cli") due to 2 previous errors
error: could not compile `ext-api` (test "etabs_api") due to 17 previous errors
error[E0282]: type annotations needed
  --> crates\ext\src\commands\checkout.rs:27:37
   |
27 |             if let Some(conflict) = err.downcast_ref::<CheckoutConflict>() {
   |                                     ^^^ cannot infer type

error[E0282]: type annotations needed
  --> crates\ext\src\commands\etabs_close.rs:26:27
   |
26 |         Err(err) => match err.downcast::<EtabsCloseConflict>() {
   |                           ^^^ cannot infer type

error[E0282]: type annotations needed
  --> crates\ext\src\commands\etabs_recover.rs:16:27
   |
16 |         Err(err) => match err.downcast::<EtabsRecoverConflict>() {
   |                           ^^^ cannot infer type

error[E0282]: type annotations needed
  --> crates\ext\src\commands\etabs_status.rs:23:41
   |
23 |             println!("  Open File: {}", path.display());
   |                                         ^^^^ cannot infer type

error: could not compile `ext-api` (test "analyze_version") due to 17 previous errors
error[E0282]: type annotations needed
  --> crates\ext\src\commands\stash.rs:44:45
   |
44 |                     if let Some(conflict) = err.downcast_ref::<StashPopConflict>() {
   |                                             ^^^ cannot infer type

error[E0282]: type annotations needed
  --> crates\ext\src\commands\stash.rs:82:28
   |
82 |                         && err.downcast_ref::<ext_core::stash::StashExists>().is_some() =>
   |                            ^^^ cannot infer type

error: could not compile `ext` (test "vcs_cli") due to 2 previous errors
error[E0308]: mismatched types
  --> crates\ext-tauri\src\lib.rs:44:14
   |
44 |         .run(tauri::generate_context!())
   |              ^^^^^^^^^^^^^^^^^^^^^^^^^^
   |              |
   |              expected `Context<R>`, found `()`
   |              implicitly returns `()` as its body has no tail or `return` expression
   |
   = note: expected struct `tauri::Context<R>`
           found unit type `()`
   = note: this error originates in the macro `tauri::generate_context` (in Nightly builds, run with -Z 
macro-backtrace for more info)

error: could not compile `ext` (bin "ext" test) due to 7 previous errors
error: could not compile `ext` (bin "ext") due to 7 previous errors
error: cannot determine resolution for the macro `std::include_bytes`
  --> crates\ext-tauri\src\lib.rs:44:14
   |
44 |         .run(tauri::generate_context!())
   |              ^^^^^^^^^^^^^^^^^^^^^^^^^^
   |
   = note: import resolution is stuck, try simplifying macro imports
   = note: this error originates in the macro `tauri::generate_context` (in Nightly builds, run with -Z 
macro-backtrace for more info)

For more information about this error, try `rustc --explain E0308`.
error: could not compile `ext-tauri` (lib test) due to 2 previous errors
error: could not compile `ext-tauri` (lib) due to 2 previous errors
error: crate `polars_stream` required to be available in rlib format, but was not found in this form

error: crate `ext_render` required to be available in rlib format, but was not found in this form

error: could not compile `ext` (test "report_cli") due to 2 previous errors
